2026-08-17T00:25:59-07:00 preset=default previous=(none) changed=no
2026-08-17T00:39:14-07:00 preset=default previous=default changed=no
2026-08-17T00:48:47-07:00 preset=default previous=default changed=no
2026-08-17T00:51:02-07:00 preset=default previous=default changed=no
2026-08-17T01:00:01-07:00 preset=default previous=default changed=no
2026-08-17T01:03:27-07:00 preset=default previous=default changed=no
2026-08-17T01:04:47-07:00 preset=default previous=default changed=no
2026-08-17T01:07:26-07:00 preset=default previous=default changed=no
2026-08-17T01:09:17-07:00 preset=default previous=default changed=no
2026-08-17T01:10:52-07:00 preset=default previous=default changed=no
2026-08-17T01:19:51-07:00 preset=default previous=default changed=no
2026-08-17T01:31:32-07:00 preset=default previous=default changed=no
2026-08-17T01:32:08-07:00 preset=default previous=default changed=no
2026-08-17T01:40:58-07:00 preset=default previous=default changed=no
2026-08-17T01:42:31-07:00 preset=sexy previous=default changed=yes
2026-08-17T01:53:54-07:00 preset=sexy previous=sexy changed=no
2026-08-17T02:05:32-07:00 preset=sexy previous=sexy changed=no
2026-08-17T16:16:04-07:00 preset=default previous=sexy changed=yes
2026-08-17T16:20:34-07:00 preset=default previous=default changed=no
2026-08-17T16:25:36-07:00 preset=default previous=default changed=no
2026-08-17T16:30:47-07:00 preset=default previous=default changed=no
2026-08-17T16:33:16-07:00 preset=default previous=default changed=no
2026-08-17T17:07:55-07:00 preset=default previous=default changed=no
2026-08-17T17:09:47-07:00 preset=default previous=default changed=no
2026-08-17T17:21:43-07:00 preset=default previous=default changed=no
2026-08-17T17:27:54-07:00 preset=default previous=default changed=no
2026-08-17T17:44:09-07:00 preset=default previous=default changed=no
2026-08-17T17:47:41-07:00 preset=default previous=default changed=no
2026-08-17T17:52:25-07:00 preset=default previous=default changed=no
2026-08-17T17:54:59-07:00 preset=default previous=default changed=no
2026-08-17T17:56:17-07:00 preset=default previous=default changed=no
2026-08-17T19:07:20-07:00 preset=default previous=default changed=no
2026-08-17T19:09:46-07:00 preset=default previous=default changed=no
2026-08-17T19:13:12-07:00 preset=default previous=default changed=no
2026-08-17T19:21:19-07:00 preset=default previous=default changed=no
2026-08-17T19:22:30-07:00 preset=default previous=default changed=no
2026-08-17T19:25:27-07:00 preset=default previous=default changed=no
2026-08-17T19:26:36-07:00 preset=default previous=default changed=no
2026-08-17T19:27:36-07:00 preset=default previous=default changed=no
2026-08-17T19:28:35-07:00 preset=default previous=default changed=no
2026-08-17T19:29:45-07:00 preset=default previous=default changed=no
2026-08-17T19:30:42-07:00 preset=default previous=default changed=no
2026-08-17T19:32:59-07:00 preset=default previous=default changed=no
2026-08-17T19:35:39-07:00 preset=default previous=default changed=no
2026-08-17T19:40:49-07:00 preset=default previous=default changed=no
2026-08-17T19:51:10-07:00 preset=default previous=default changed=no
2026-08-17T20:10:44-07:00 preset=default previous=default changed=no
2026-08-17T20:17:25-07:00 preset=rabbi previous=default changed=yes
2026-08-17T20:22:55-07:00 preset=sexy previous=rabbi changed=yes
2026-08-17T20:50:01-07:00 preset=default previous=sexy changed=yes
2026-08-17T21:01:28-07:00 preset=default previous=default changed=no
2026-08-17T21:03:55-07:00 preset=default previous=default changed=no
2026-08-17T21:09:38-07:00 preset=default previous=default changed=no
2026-08-17T22:31:36-07:00 preset=default previous=default changed=no
2026-08-17T22:36:25-07:00 preset=default previous=default changed=no
2026-08-17T22:37:47-07:00 preset=sexy previous=default changed=yes
2026-08-17T22:42:36-07:00 preset=rabbi previous=sexy changed=yes
2026-08-18T11:26:11-07:00 preset=default previous=rabbi changed=yes
2026-08-21T19:55:05-07:00 preset=default previous=default changed=no
2026-08-21T21:12:17-07:00 preset=default previous=default changed=no
2026-08-21T21:15:43-07:00 preset=default previous=default changed=no
2026-08-21T21:19:34-07:00 preset=default previous=default changed=no
